endpoint scales
H exponent = 43/100 = 0.430000000000000
Q=c exponent = 1/2 = 0.500000000000000
P=H*Q exponent = 93/100 = 0.930000000000000
Y=H*Q^2 exponent = 143/100 = 1.430000000000000

sufficient simultaneous-cancellation benchmark
CSQD first exponent = 34/25 = 1.360000000000000
CSQD second exponent = 279/200 = 1.395000000000000
minimum power saving = 7/200 = 0.035000000000000
saving after epsilon=7/400 = 7/400 = 0.017500000000000

one-shot method-class losses
fixed-modulus Weil exponent = 161/100 = 1.610000000000000
fixed-modulus Weil deficit = 9/50 = 0.180000000000000
Bettin-Chandee term 1 exponent = 3627/2000 = 1.813500000000000
Bettin-Chandee term 1 deficit = 767/2000 = 0.383500000000000
Bettin-Chandee term 2 exponent = 719/400 = 1.797500000000000
Bettin-Chandee term 2 deficit = 147/400 = 0.367500000000000
BBLR term 1 exponent = 179/100 = 1.790000000000000
BBLR term 1 deficit = 9/25 = 0.360000000000000
BBLR term 2 exponent = 161/100 = 1.610000000000000
BBLR term 2 deficit = 9/50 = 0.180000000000000

new bilinear Kloosterman range checks, with H=c^(43/50)
H exponent in c = 43/50 = 0.860000000000000
Blomer-Pascadi upper endpoint = 7/12 = 0.583333333333333
amount above BP range = 83/300 = 0.276666666666667
MQW M^(7/5)N exponent in c = 258/125 = 2.064000000000000
MQW condition-1 excess = 141/250 = 0.564000000000000
MQW MN exponent in c = 43/25 = 1.720000000000000
MQW condition-2 excess = 47/100 = 0.470000000000000
