CERTIFIED TERMINAL-PROFILE SIGNS

R-9506 top-hat
sigma = 19999/10000; mu = 4999/10000; p = 83/100; edge = 414917/2000000
A in [0.831212660984219696038186, 0.831212660984219696038186]
B in [-0.355154209556179482979852, -0.355154209556179482979852]
M in [1.59397241720812340137677, 1.59397241720812340137677]
u(sigma/2) in [0.458955324138598505090525, 0.458955324138598505090525]
V(edge)-1/p in [0.0100107298626486306913806, 0.0100107298626486306913806]
certified rational comparison: V(edge)-1/p > 1/1000
mpmath 100-dps margin = 0.0100107298626486306913806056522
60-vs-100-dps difference = 1.5345781e-61

R-8686 top-hat
sigma = 14999/10000; mu = 4999/10000; p = 89/100; edge = 444911/2000000
A in [0.780194712033702137296287, 0.780194712033702137296287]
B in [-0.434234500956917865492191, -0.434234500956917865492191]
M in [1.26168391163461487336319, 1.26168391163461487336319]
u(sigma/2) in [0.573776145838868097319739, 0.573776145838868097319739]
V(edge)-1/p in [0.00686627766316910440049275, 0.00686627766316910440049275]
certified rational comparison: V(edge)-1/p > 1/1000
mpmath 100-dps margin = 0.00686627766316910440049275089958
60-vs-100-dps difference = 5.9116057e-62

file-15 flat block
sigma = 1499999/1000000; mu = 499/1000; p = 1; edge = 499/2000
A in [0.780202035405906899569748, 0.780202035405906899569748]
B in [-0.434217588899871389519808, -0.434217588899871389519808]
M in [1.26174796063827470892981, 1.26174796063827470892981]
u(sigma/2) in [0.573746989906934410146536, 0.573746989906934410146536]
V(edge)-1/p in [0.115586069821313047412329, 0.115586069821313047412329]
certified rational comparison: V(edge)-1/p > 1/10
mpmath 100-dps margin = 0.115586069821313047412328914428
60-vs-100-dps difference = 6.4874842e-62

NORMALIZED CYCLE-3 QUADRATIC PROFILE
profile mass = 1031/1200
central flat-block edge residual = 42756493/1031000000
central flat-block edge residual decimal = 0.0414708952473326867119302
central width-mu average = 1157918831/1031000000
central width-mu average decimal = 1.12310264888457807953443
average excess above one = 126918831/1031000000

EXACT FIBER COUNTS
R-9506: required residual rank = 19999; available complement rank <= 15000; deficit = 4999
R-8686: required residual rank = 14999; available complement rank <= 10000; deficit = 4999
file-15: required residual rank = 1499999; available complement rank <= 1000999; deficit = 499000
