RATIONAL SATURATED-WINDOW WITNESSES
support-143/100 integration self-test = 2561811364469143/2227707598259143

[R-8686 window] sigma=14999/10000
degree = 18
even monomial coefficients = [1189/1000, -2611/1000, -1293/200, 270061/1000, -1766327/500, 12751103/500, -106684243/1000, 123437043/500, -26547161/100, 13324801/200]
integral = 3815170470337249/3814073303040000
minimum Bernstein coefficient = 970392902337/3186360320000 (index 9)
exact cost = 18575978740728846110548832749235379157133006001351620138380201912370798933275791356361402367283424006788135483819442943259070702563126589970638100365501963179704964187537051961432044325149576041147/16375930904829220985831344310017466744057923372288110116391552462936548152979474554736132991158704202327915022913346191201423946152858111347914252260647757495854597657389037833492037948087076041147
exact cost decimal = 1.134346428834212809924583
directed bound = 113434643/100000000
bound minus cost = 1909085047441003325093374748163282308921695850359544010611898178057956946807936968324267366854853261176567950808436196167188024293341091963248325002322343846420856622612458335468752399526663255521/1637593090482922098583134431001746674405792337228811011639155246293654815297947455473613299115870420232791502291334619120142394615285811134791425226064775749585459765738903783349203794808707604114700000000
bound minus cost decimal = 0.000000001165787190075416676777
pointwise positivity = PASS (all exact Bernstein coefficients positive)

[R-9506 window] sigma=19999/10000
degree = 10
even monomial coefficients = [2509/2000, -4689/1250, 17669/2500, -238517/10000, 362157/5000, -476329/5000]
integral = 5913507107/5913600000
minimum Bernstein coefficient = 2947299/5120000 (index 0)
exact cost = 8989087516774182099401577279739227351968608799369099239262013003768256760796053096571117079678417054486469573405839/8418911137217185639662759168702205719609122780493604383042937969747058940843782675490525565388271259278577073405839
exact cost decimal = 1.067725667876031819106202
directed bound = 106772567/100000000
bound minus cost = 1788149937322172082771197828047887395954569743133744457874836147734586512595139690827790368596849284894304962818713/841891113721718563966275916870220571960912278049360438304293796974705894084378267549052556538827125927857707340583900000000
bound minus cost decimal = 0.000000002123968180893797862606
pointwise positivity = PASS (all exact Bernstein coefficients positive)

EXACT R-8686 / R-9506 CERTIFICATE ARITHMETIC

[R-8686] mu=4999/10000, p=89/100
directed D = 113434643/100000000
moments M0..M4 = [1, 0, 527945797921/2670000000000, -6402596222869/79210000000000, 348494870075912117922241/2643633750000000000000000]
dual p0..p4,L = [-7292013177270507427703/1062484504309186560000000, 943433668075922881/6324312525649920000, 9043183145019377/44270187679549440, -17128802264125/118580859855936, -13671476640625/69172168249296, 204953852069001839/2018328905500000000]
P/(y-a)^2 = [-2298897488736623/265621126077296640, 344570365829125/1660132037983104, -13671476640625/69172168249296]
(y^2-P)/(y-c)^2 = [43931971701345715/53124225215459328, 299585864751875/1660132037983104, 13671476640625/69172168249296]
(L-P)/(y-t)^2 = [65647829049234143/265621126077296640, 674424942693875/1660132037983104, 13671476640625/69172168249296]
disc square factor = -952551432930845134765625/1533367744722269721066816
disc cap factor = -2745951072904810783234375/90468696938613913542942144
global dual inequalities = PASS (exact coefficient/discriminant signs)
A_P = 29882276809014040891941502329751/1560455496913214458368000000000000
epsilon = 214699174035034617008139370990654757/74061312417472111318628137958400000000
epsilon decimal = 0.002898938285414235308360
rung = 12865227733421019631083198899426425249/14812262483494422263725627591680000000
rung decimal = 0.868552508285414235308360
margin over frozen target = 122725730437868645740603782049/14812262483494422263725627591680000000
margin decimal = 0.000000008285414235308359845683

[R-9506] mu=4999/10000, p=83/100
directed D = 106772567/100000000
moments M0..M4 = [1, 0, 682156116889/2490000000000, -8293346012887/68890000000000, 434598816917989781038321/2144201250000000000000000]
dual p0..p4,L = [-1090848126983561769588327/35405502805053456688250000, 9295744984575451767279/35405502805053456688250, 66948615509905622970/141622011220213826753, -11128102684411400000/141622011220213826753, -37369874615000000000/141622011220213826753, 34684079711986262847393/95458352130098292500000]
P/(y-a)^2 = [-5291233537196962800/141622011220213826753, 56743063591351600000/141622011220213826753, -37369874615000000000/141622011220213826753]
(y^2-P)/(y-c)^2 = [85429409271169376583/141622011220213826753, 28019286010391400000/141622011220213826753, 37369874615000000000/141622011220213826753]
(L-P)/(y-t)^2 = [59596943857810532670/141622011220213826753, 7587384726291400000/12874728292746711523, 37369874615000000000/141622011220213826753]
disc square factor = -123440148388744481214540000000000/206578352239475919007075698536213
disc cap factor = -523791866394805394174958560000000000/5407601526572761131848220560582447701
global dual inequalities = PASS (exact coefficient/discriminant signs)
A_P = 2656428028876877176306155297737641/48586574957743442014570566600000000
epsilon = 1825371164469513205393883022215582405131/99399475714697642720442911853504300000000
epsilon decimal = 0.018363991875659418733577
rung = 377971803154962116900696703894761447359/397597902858790570881771647414017200000
rung decimal = 0.950638321875659418733577
margin over frozen target = 187243435892604953640071389731941/19879895142939528544088582370700860000000000000
margin decimal = 0.000000000000009418733577128834

THREE-ATOM PRIMAL CALIBRATION (NON-PROOF NUMERICAL CROSS-CHECK)

[R-8686]
atoms = (-0.8905391472407208681616965031, 0.09106798591446700898409809785, 0.6623412552697479093914382625)
masses = (0.1692891584461728981294459866, 0.6992370555198703749157663811, 0.1314737860339567269547876323)
primal equality rung = 0.86855250872325006439060332520012813
primal minus rational-dual rung = 4.3783582908224347952e-10
moment residual = -3.8352e-93
fixed-point residual = 0.0

[R-9506]
atoms = (-0.9081264716806935475864689929, 0.2260285327467714327873574266, 0.9677600746673577048852120282)
masses = (0.2315811940791170579458089251, 0.7190472538435304327976894006, 0.04937155207735250925650167433)
primal equality rung = 0.95063832223306296124534962600511461
primal minus rational-dual rung = 3.5740354251177249717e-10
moment residual = 0.0
fixed-point residual = 7.6705e-93

R-9383 ENDPOINT CALIBRATION AND DIRECTED-ROUNDING CHECK
Euler A = 0.8312256089421583498764202143080840767124413709028438751996101205069217
Euler B = -0.3551392921595534810322008720533544509405439832731385899873159206482744
Euler mass = 1.594043141074803538390151306380878708728882104118196798776332395326011
D_2 = 1.067717376064704152268764221685195836092731765560236731661631090252145
trim mass q = 0.06168667294905111521329893760695088240796742526189234229237016387840764
atoms = (-0.747281096025059229990765903312461703832886923659803631, 0.2823697573164610483617279140705328342085519695180665275, 1.26688761754937182909503492047595189271363614196560218)
masses = (0.3332210986468696395444440742104750803856564405223297791, 0.6050922284040792452422569881825740372063761342157778786, 0.06168667294905111521329893760695088240796742526189234229)
epsilon_2 = 0.006030703115653037055465284078244953684764340298344389369260926373737647
endpoint rung = 0.9383133270509488847867010623930491175920325747381076577076298361215924
frozen R-9383 target = 0.938313327050949
target minus endpoint = 0.0000000000000001152132989376069508824079674252618923422923701638784076443274265963732
15-place downward rounding = 0.938313327050948
15-place nearest rounding = 0.938313327050949
moment residual = -7.3532042e-137
fixed-point residual = 1.3926657e-138
local Jacobian determinant = -0.1426388698249469259008217305063140784419472052626833943
R-9383 frozen inequality = OBSTRUCTED (nearest rounding is upward, not a lower bound)

SUMMARY
R-8686 exact conditional certificate arithmetic = PASS
R-9506 exact conditional certificate arithmetic = PASS
R-9383 frozen 15-place lower bound = FAIL (upward-rounding obstruction)
All expected audit assertions passed.
