R-9383 EXACT FLAT THREE-ATOM ENDPOINT CERTIFICATE
arithmetic backend = Fraction/integer only (no floating-point decisions)
fourth-moment polynomial identity = PASS
135 F(q,t) = 7 - 12q + 9q t^2 - 45q t^4
selected root: t^2 = (9 + sqrt(1260/q - 2079))/90
Euler D_2 enclosure = [1.0677173760647041522687642216851958360927317655602367316616310902521452, 1.0677173760647041522687642216851958360927317655602367316616310902521453]
q isolating interval = [0.0616866729490511152, 0.0616866729490511153]
residual at q_lower = [-0.000000000000000000012096199476635062034784022, -0.000000000000000000012096199476635062034784021]
residual at q_upper = [0.000000000000000000078859934269814038800591217, 0.000000000000000000078859934269814038800591218]
residual derivative on box = [0.9095613374644910039166179640926802623452, 0.9095613374644910127908868217653745248932]
endpoint existence = PASS (opposite endpoint signs and continuity)
endpoint uniqueness in isolating interval = PASS (strictly positive derivative)
high atom box = [1.2668876175493718286303148323695635248777, 1.2668876175493718291663175932119096614630]
negative atom box = [-0.7472810960250592314409000935038389028527, -0.7472810960250592286072205983667001956997]
positive atom box = [0.2823697573164610468681472186659946857010, 0.2823697573164610497018267138031333928540]
negative mass box = [0.3332210986468696372123834348875751529378, 0.3332210986468696418113722796696965203065]
positive mass box = [0.6050922284040792428886277203303034796935, 0.6050922284040792475876165651124248470622]
branch admissibility = PASS (q,u,v>0; a<0<c<t; moment identity exact)
endpoint = 1-q in [0.9383133270509488847, 0.9383133270509488848]
frozen target = 0.938313327050949
strict target gap >= 0.0000000000000001152
independent rational five-atom comparison = PASS
rational-law minimum weight > 0 = 0.010601856769893768630513217251
rational-law trim slack = 0.00000000000000010323799471606860051
rational-law scaled tail = 0.0060307031156530568119081112684199549908
rational-law strict comparison margin = 0.0000000000000000954568561104167758811019
frozen R-9383 claim from this flat endpoint branch = FAIL (strict exact enclosure)
