Part 1: Cheer-Goldston LP with certified positivity
  LP (grid 0.001 on [0,50], r >= 1e-6 there): P = 1.3210846946  2-P = 0.6789153054  R = 1.01246016  s(0) = R-1 = 0.012460  rho(0) = 1.004442  [72s]
  jump representation: J_0 + 2 sum J_k = 0.0e+00 ; max |r_T - r_direct| = 2.2e-16
  |r'| <= 2.0986, so r(u) >= 1 - 2.0986 u > 0 on [0, 0.4289]; T even, 100-periodic: check T <= 0 on [u0, 50]
  cell bound  T(u) <= T(u_i) + T'(u_i) d + |T''|_max d^2/2  (|T''| <= 89.65, d <= 0.0005): max over cells = -2.231e-06
  r >= 0 on all of R: CERTIFIED  ->  kappa_real(rho) >= r(0) = 1 (PROVED, Prop. 3 of the parent memo)
  Conditional on (**) for complex Z this rho gives the proportion 2 - P = 0.6789153 ; with kappa' = 0.99504 the frontier 0.6725043820976 is matched.

Part 2: refutations of the natural strengthenings (CHECKED)
  (i) real-weight relaxation (**)_cont: two atoms, real at 0 and pair at Delta +- i v'
      v'=0.85 Delta=0.71: t(0,v',Delta) = -3.3220 < -sqrt(g_0 g') = -1.2803  (g_0 = R-1 = 0.01246, g' = t(v',v',0)-1 = 131.55)
      min eigenvalue of [[g_0,t],[t,g']] = -0.0714, eigenvector [-0.9997 -0.0252] (same signs): the kernel t - kappa I is NOT copositive.
      -> no decomposition t(v,v',Delta) = (nonneg) + (PSD kernel in (x,v)) with diagonal >= kappa exists (REFUTED).
  (ii) intermediate inequality Sigma_Z(rho) >= Sigma_{Z_0}(r): Z = {0^512} + pair(0.70 +- i1.18): LHS = 247338.6 < RHS = 262534.2 (REFUTED);
       (**) itself holds there with ratio 240.6 because of the cost slack kappa(m^2 - 2m).
  (iii) echo obstruction for piecewise-linear rho: G(u,w) = Re r_in(u+iw) - s(u) at the grid period u = 100
      w=0.02 : G(50)=+9.32e-07  G(100)=-4.05e-08  G(200)=-1.37e-08 ; predicted -(2 pi w)^2 int rho cosh / (4 pi^2 100^2) = -4.05e-08
      w=0.05 : G(50)=+5.75e-07  G(100)=-2.55e-07  G(200)=-6.73e-08 ; predicted -(2 pi w)^2 int rho cosh / (4 pi^2 100^2) = -2.55e-07
      w=0.10 : G(50)=-7.43e-07  G(100)=-1.04e-06  G(200)=-2.64e-07 ; predicted -(2 pi w)^2 int rho cosh / (4 pi^2 100^2) = -1.04e-06
      -> the termwise bounded-height certificate is infeasible for every w > 0 in the PL class (Lemma 3 of the memo, PROVED).

Part 3: constants of the bounded-height theorem (Theorem 4 of the memo)
  X(v) = int rho sinh^2(2 pi a v) >= 4 pi^2 q(0) v^2, q(0) = int rho a^2 = 0.148400 ; budget for Sum beta: pi^2 q(0) = 1.4646
  fine grid: 1495001 points on [0.5, 150] with h = 0.0001  (min r on the grid = 5.15e-15)
  V0=0.030: eps5=4.4e-11; 95 windows -> 95 clusters -> 111 pieces of length <= w* on [0.5,150] (longest cluster 0.575, last at u=136.9); Sum beta_c = 1.2315
          far tail: C_m = 4.162, E in [-50,50] gives 197 pieces per period (longest component 1.709), tail <= 0.0767
          (A) 4*1.3081 = 5.2325 <= 4 pi^2 q(0) = 5.8586 : OK ;  (B) 24 V0^2 * 1.3081 = 0.0283 <= rho_* = 0.4696 : OK   [11s]
          first clusters [lo, hi, beta_c]: [(np.float64(1.001), np.float64(1.091), np.float64(0.9217)), (np.float64(1.898), np.float64(2.199), np.float64(0.1623)), (np.float64(2.88), np.float64(3.224), np.float64(0.0521)), (np.float64(3.858), np.float64(4.147), np.float64(0.0249)), (np.float64(4.771), np.float64(5.265), np.float64(0.018))]
  V0=0.050: eps5=2.6e-09; 145 windows -> 145 clusters -> 162 pieces of length <= w* on [0.5,150] (longest cluster 0.544, last at u=149.9); Sum beta_c = 1.2946
          far tail: C_m = 4.239, E in [-50,50] gives 197 pieces per period (longest component 96.532), tail <= 0.0781
          (A) 4*1.3727 = 5.4907 <= 4 pi^2 q(0) = 5.8586 : OK ;  (B) 24 V0^2 * 1.3727 = 0.0824 <= rho_* = 0.4678 : OK   [6s]
          first clusters [lo, hi, beta_c]: [(np.float64(0.969), np.float64(1.117), np.float64(0.9445)), (np.float64(1.871), np.float64(2.227), np.float64(0.1665)), (np.float64(2.815), np.float64(3.239), np.float64(0.0537)), (np.float64(3.838), np.float64(4.171), np.float64(0.0265)), (np.float64(4.768), np.float64(5.27), np.float64(0.0187))]
  V0=0.070: eps5=3.9e-08; 150 windows -> 150 clusters -> 167 pieces of length <= w* on [0.5,150] (longest cluster 0.527, last at u=149.8); Sum beta_c = 1.3474
          far tail: C_m = 4.355, E in [-50,50] gives 199 pieces per period (longest component 96.721), tail <= 0.0810
          (A) 4*1.4284 = 5.7135 <= 4 pi^2 q(0) = 5.8586 : OK ;  (B) 24 V0^2 * 1.4284 = 0.1680 <= rho_* = 0.4648 : OK   [6s]
          first clusters [lo, hi, beta_c]: [(np.float64(0.936), np.float64(1.141), np.float64(0.9777)), (np.float64(1.85), np.float64(2.247), np.float64(0.1719)), (np.float64(2.791), np.float64(3.249), np.float64(0.0556)), (np.float64(3.822), np.float64(4.19), np.float64(0.0286)), (np.float64(4.766), np.float64(5.272), np.float64(0.0194))]
  V0=0.075: eps5=6.8e-08; 150 windows -> 150 clusters -> 168 pieces of length <= w* on [0.5,150] (longest cluster 0.525, last at u=149.8); Sum beta_c = 1.3620
          far tail: C_m = 4.391, E in [-50,50] gives 199 pieces per period (longest component 96.791), tail <= 0.0817
          (A) 4*1.4437 = 5.7749 <= 4 pi^2 q(0) = 5.8586 : OK ;  (B) 24 V0^2 * 1.4437 = 0.1949 <= rho_* = 0.4638 : OK   [7s]
          first clusters [lo, hi, beta_c]: [(np.float64(0.928), np.float64(1.146), np.float64(0.9876)), (np.float64(1.845), np.float64(2.251), np.float64(0.1736)), (np.float64(2.788), np.float64(3.251), np.float64(0.0562)), (np.float64(3.819), np.float64(4.194), np.float64(0.0291)), (np.float64(4.766), np.float64(5.272), np.float64(0.0196))]
  V0=0.080: eps5=1.1e-07; 150 windows -> 150 clusters -> 169 pieces of length <= w* on [0.5,150] (longest cluster 0.524, last at u=149.8); Sum beta_c = 1.3762
          far tail: C_m = 4.426, E in [-50,50] gives 200 pieces per period (longest component 96.893), tail <= 0.0828
          (A) 4*1.4590 = 5.8358 <= 4 pi^2 q(0) = 5.8586 : OK ;  (B) 24 V0^2 * 1.4590 = 0.2219 <= rho_* = 0.4629 : OK   [7s]
          first clusters [lo, hi, beta_c]: [(np.float64(0.92), np.float64(1.151), np.float64(0.9973)), (np.float64(1.841), np.float64(2.254), np.float64(0.1751)), (np.float64(2.785), np.float64(3.252), np.float64(0.0567)), (np.float64(3.816), np.float64(4.198), np.float64(0.0296)), (np.float64(4.766), np.float64(5.272), np.float64(0.0198))]
  V0=0.080: eps5=1.1e-07; 150 windows -> 150 clusters -> 169 pieces of length <= w* on [0.5,150] (longest cluster 0.524, last at u=149.8); Sum beta_c = 1.3775
          far tail: C_m = 4.430, E in [-50,50] gives 200 pieces per period (longest component 96.908), tail <= 0.0828
          (A) 4*1.4603 = 5.8411 <= 4 pi^2 q(0) = 5.8586 : OK ;  (B) 24 V0^2 * 1.4603 = 0.2243 <= rho_* = 0.4628 : OK   [7s]
          first clusters [lo, hi, beta_c]: [(np.float64(0.92), np.float64(1.151), np.float64(0.9981)), (np.float64(1.84), np.float64(2.255), np.float64(0.1753)), (np.float64(2.785), np.float64(3.252), np.float64(0.0568)), (np.float64(3.816), np.float64(4.198), np.float64(0.0296)), (np.float64(4.766), np.float64(5.272), np.float64(0.0198))]
  Largest admissible V0 in the list: 0.08  -> (**) with kappa = 1 holds for all Z with pair heights <= V0 (Theorem 4);
  for zeta: all zeros with T < gamma <= 2T and |beta - 1/2| <= 2 pi V0 / log T = 0.503 / log T  =>  at least 0.67892 of them simple and on the line.

Status: real case CERTIFIED (kappa_real >= 1, P = 1.3210847); (**)_cont, the intermediate inequality and PL termwise
        certificates REFUTED; bounded-height theorem PROVED for V0 = 0.08; (**) for unbounded heights remains open.
exit=0
