==============================================================================
BLOCK A (CHECKED): CGG/BHB main-term constants, exact rational
==============================================================================
theta = 1/2, P = (1+theta)x - theta x^2: I = 7/12, J = 13/12
c1 = 19/24  (CGG: 19/24)   c2 = 57/64  (CGG: 57/64)   c1^2/c2 = 19/27  (CGG: 19/27)
PASS: reproduces 19/24, 57/64, 19/27 exactly.

==============================================================================
BLOCK B (CHECKED): quadratic P is optimal; closed form kappa(theta)=1-(1+theta)^-3
==============================================================================
  deg 2: J - (1+12(I-1/2)^2) = int(P'-q')^2 = 0 >= 0  exact
  deg 4: J - (1+12(I-1/2)^2) = int(P'-q')^2 = 2916/80143 >= 0  exact
  deg 5: J - (1+12(I-1/2)^2) = int(P'-q')^2 = 49127/2495115 >= 0  exact
  deg 4: J - (1+12(I-1/2)^2) = int(P'-q')^2 = 7876/168175 >= 0  exact
  deg 4: J - (1+12(I-1/2)^2) = int(P'-q')^2 = 81/2000 >= 0  exact
  deg 3: J - (1+12(I-1/2)^2) = int(P'-q')^2 = 20/841 >= 0  exact
PASS: J_min(I) = 1 + 12 (I-1/2)^2, attained by the quadratic.
  theta=1/10  : kappa = 331/1331 = 0.2486851991; grid max over t in [-1,1] <= kappa: ok
  theta=1/4   : kappa = 61/125 = 0.4880000000; grid max over t in [-1,1] <= kappa: ok
  theta=2/5   : kappa = 218/343 = 0.6355685131; grid max over t in [-1,1] <= kappa: ok
  theta=49/100: kappa = 2307949/3307949 = 0.6976978787; grid max over t in [-1,1] <= kappa: ok
  theta=1/2   : kappa = 19/27 = 0.7037037037; grid max over t in [-1,1] <= kappa: ok
  theta=3/4   : kappa = 279/343 = 0.8134110787; grid max over t in [-1,1] <= kappa: ok
  theta=1     : kappa = 7/8 = 0.8750000000; grid max over t in [-1,1] <= kappa: ok
PASS: kappa(theta) = 1 - (1+theta)^{-3} exactly, optimum P = (1+theta)x - theta x^2.
      kappa(1/2) = 19/27; kappa is increasing in theta; the unconditional range is theta < 1/2.

==============================================================================
BLOCK C (CHECKED): the holomorphic pairing on mirror pairs; exact identities
==============================================================================
  config |S|=4, |P|=2: sum|F|^2-S2=2Delta=1317139/44100; N_s(S2+Delta)-|S1|^2=707065351/176400 >=0; (|S|+|P|)(S2+E_off)-|S1|^2=110300713/35280 >=0
  config |S|=4, |P|=4: sum|F|^2-S2=2Delta=12150683/25200; N_s(S2+Delta)-|S1|^2=636993481/176400 >=0; (|S|+|P|)(S2+E_off)-|S1|^2=228710353/58800 >=0
  config |S|=5, |P|=1: sum|F|^2-S2=2Delta=254501/882; N_s(S2+Delta)-|S1|^2=5545249/1764 >=0; (|S|+|P|)(S2+E_off)-|S1|^2=2687989/882 >=0
  config |S|=8, |P|=1: sum|F|^2-S2=2Delta=122824/225; N_s(S2+Delta)-|S1|^2=373810349/176400 >=0; (|S|+|P|)(S2+E_off)-|S1|^2=215717939/88200 >=0
  config |S|=1, |P|=3: sum|F|^2-S2=2Delta=1415497/3600; N_s(S2+Delta)-|S1|^2=5298653/7200 >=0; (|S|+|P|)(S2+E_off)-|S1|^2=61691/80 >=0
PASS: Delta = (1/2) sum_pairs |F(rho)-F(1-conj rho)|^2 = (1/2)(sum_rho |F(rho)|^2 - S2);
      N_s >= |S1|^2/(S2+Delta) and N_0^s >= 2|S1|^2/(S2+E_off) - N hold identically.
  Degree-2 holomorphic pairings on a mirror pair: on-line positivity forces
  Q(a,c)=2alpha Re(a conj c)+2beta Re(a^2-c^2); then Q(a,-a) = -2 alpha|a|^2 < 0.  (algebraic)

==============================================================================
BLOCK D (CHECKED): the adversary.  CGG data alone give NO bound on simple on-line zeros
==============================================================================
  s = |S|/N = 0.672504: one off-line pair with |F(rho)|^2 = 0.0206593 N L^2, values (a,-a), matches S1 and S2 exactly; Delta/(N L^2) = 0.0413185
  s = |S|/N = 0.500000: one off-line pair with |F(rho)|^2 = 0.181424 N L^2, values (a,-a), matches S1 and S2 exactly; Delta/(N L^2) = 0.362847
  s = |S|/N = 0.100000: one off-line pair with |F(rho)|^2 = 2.68837 N L^2, values (a,-a), matches S1 and S2 exactly; Delta/(N L^2) = 5.37674
  s = |S|/N = 0.001000: one off-line pair with |F(rho)|^2 = 312.923 N L^2, values (a,-a), matches S1 and S2 exactly; Delta/(N L^2) = 625.845
PASS: for every s>0 a configuration with |S| = sN reproduces the CGG values of S1 and S2.
      Hence inf |S|/N = 0 over configurations consistent with S1, S2 and with any count
      bound on off-line zeros (the construction uses a single pair).
  With the convexity-type pointwise bound |F(rho)|^2 <= T^{1/2+theta+eps}, the energy
  0.04 N L^2 ~ T L^3 needs about T^{1/2-theta-eps} off-line pairs; Selberg's density bound
  N(sigma,T) << T^{1-(sigma-1/2)/4} log T excludes only zeros with beta-1/2 >= 4(1/2+theta) > 1.

==============================================================================
BLOCK E (NUMERICAL): what survives under a hypothetical off-line energy cap
==============================================================================
theta -> 1/2 constants: c1 = 0.791667, c2 = 0.890625, c1^2/c2 = 0.703704
N_s/N >= c1^2/(c2+delta) exceeds the repo bound 0.6725043820976 iff delta < 0.041319
  i.e. iff Delta <= 0.0413 N L^2 = 4.64% of S2  (Delta = (1/2)(sum|F|^2 - S2))
N_s/N >= 2/3 iff delta < 0.049479
On-line variant with pairs weighted once: N_0^s/N >= 2 c1^2/(c2+e_off) - 1 = 0.407407 at e_off=0 (=11/27)
  (kappa_on(theta) = 1 - 2(1+theta)^-3 would need theta >= 0.8279 to reach 0.6725; formal extrapolation only,
   the CGG main terms are proved only for theta < 1/2)
  N_s bound 1-(1+theta)^-3 exceeds 0.6725043820976 iff theta > 0.450769 (inside theta<1/2)
  inf |S|/N consistent with (S1,S2) for pair fraction p and off-line energy cap e0 (units N L^2):
    p \ e0    0.00    0.01    0.02    0.04    0.08    0.16    0.32    1.00
    0.00000   0.7037  0.6959  0.6882  0.6735  0.6457  0.5965  0.5177  0.0000
    0.00100   0.7037  0.6949  0.6872  0.6725  0.6447  0.5955  0.5167  0.0000
    0.01000   0.7037  0.6859  0.6782  0.6635  0.6357  0.5865  0.5077  0.0000
    0.05000   0.7037  0.6560  0.6408  0.6235  0.5957  0.5465  0.4677  0.0000
    0.16375   0.7037  0.6125  0.5802  0.5392  0.4893  0.4328  0.3539  0.0000
  (p = 0.16375 is the largest pair fraction allowed by the repo's 0.6725 simple-on-line theorem;
   row p=0 is the RH case e0 irrelevant: 19/27 = 0.7037.)

==============================================================================
BLOCK F (NUMERICAL): kappa(theta) table and higher-degree numerical optimisation
==============================================================================
  theta=0.1000: kappa=0.248685  N_s bound; on-line (pairs weight 1, e_off=0): -0.502630
  theta=0.2000: kappa=0.421296  N_s bound; on-line (pairs weight 1, e_off=0): -0.157407
  theta=0.3000: kappa=0.544834  N_s bound; on-line (pairs weight 1, e_off=0): 0.089668
  theta=0.4000: kappa=0.635569  N_s bound; on-line (pairs weight 1, e_off=0): 0.271137
  theta=0.4500: kappa=0.671983  N_s bound; on-line (pairs weight 1, e_off=0): 0.343967
  theta=0.4507: kappa=0.672458  N_s bound; on-line (pairs weight 1, e_off=0): 0.344916
  theta=0.4900: kappa=0.697698  N_s bound; on-line (pairs weight 1, e_off=0): 0.395396
  theta=0.4990: kappa=0.703110  N_s bound; on-line (pairs weight 1, e_off=0): 0.406221
  theta=0.5000: kappa=0.703704  N_s bound; on-line (pairs weight 1, e_off=0): 0.407407
  theta=0.3: degree-6 numerical optimum 0.54483383 vs closed form 0.54483386  (coef [0.2987, 0.0091, -0.0143, -0.0025, 0.0103], quadratic has coef=[theta,0,0,0,0])
  theta=0.49: degree-6 numerical optimum 0.69769780 vs closed form 0.69769788  (coef [0.4881, 0.0146, -0.0235, -0.0039, 0.017], quadratic has coef=[theta,0,0,0,0])

ALL CHECKS PASSED
