
==============================================================================
[A] NUMERICAL sanity: finite-matrix operator identities
==============================================================================
identity (3.2) tr((p(G)-p(H))Phi) = tr(R X)+2Re tr(Z*(Y_V-Y_W))+2Re tr(H Y(Z,Z))-3tr(X^2 Phi): max error 2.78e-13
block form R = 2 Pi0 Phi Pi0 - E Phi E + 2 F Phi F for H=E+2F: error 1.78e-15
||W||_4^4 = tr(H^2K^2)/2 : max rel. error 2.98e-16
tr(H K^2) = tr(H^3)/3    : max error 1.78e-14
max ||W Phi W||_2^2/||W||_4^4 over |phi|<=1 samples: 0.1933 (must be <=1)

==============================================================================
[B] NUMERICAL: polarized functionals (Gauss-Legendre)
==============================================================================
flat: D=1.333333333333 (4/3)  M3=2.000000000000 (2)  Q=0.405555555556 (73/180=0.405555555556)
cosine: D=1.3274992963206  kappa=3D-2-M3=0.0117753128004  Q=0.3989629428664

localized cubic defect density of the cosine, c(x)=u(u^2-2Du-K(u^2)+3D-2):
  int c = 0.0117772245 (=kappa), int |c| = 0.0265689630, int c_+ = 0.0191730937, int c_- = -0.0073958693
  x=0.0  c(x)=+0.051605
  x=0.1  c(x)=+0.044092
  x=0.2  c(x)=+0.024244
  x=0.3  c(x)=-0.000642
  x=0.4  c(x)=-0.020812
  x=0.5  c(x)=-0.027159
  phi=1 control: kappa=0.0117753128, E_Y=9Q=3.5906664858

==============================================================================
[C] CHECKED: exact rational localized certificate
==============================================================================
profile u = p8/int p8,  D(u) = 1.3274992963205883,  2 - D(u) = 0.6725007036794116
  (2 - D* = 0.6725007036794116457..., difference < 1e-17)
control phi=1: kappa=0.011775312695 Q=0.398962942825 ; inequality (6) excludes delta<=1/272000: True
sup_{|x|<=1/2} |phi| <= 1.0001797009  (Bernstein, 400 pieces, 0.7s)
