R1a allocation no-go exact rational replay
energy_ratio_floor=2/5
l1_error=1/100
Family14999
  area=3815170470337249/3814073303040000
  active_edge=444911/2999800
  profile_center_cap=1189/1000
  bernstein_degree=8
  min_bernstein_coefficient=2611/500
  capacity_lhs=528999179/1000000000
  capacity_rhs=57223741884588397751/96314982400000000000
  strict_gap=6273195269588948151/96314982400000000000
Family19999
  area=5913507107/5913600000
  active_edge=414917/3999800
  profile_center_cap=2509/2000
  bernstein_degree=4
  min_bernstein_coefficient=4822355609428250240798173121846781697327296907375833561/668467246806747721131154578281534720000000000000000000
  capacity_lhs=1041026753/2000000000
  capacity_rhs=50684669414097/64000000000000
  strict_gap=17371813318097/64000000000000
PASS
