== Part A: closed form (interval arithmetic, 40 digits) ==
g(0) = 2 - D_1 in [0.672500703679411645734379790803295188593328443, 0.672500703679411645734379790803295188593443238]
g'(0+) = csc^2(1/sqrt2)/2 - 1/2 in [0.684755085411068891023975533118030721299067305, 0.684755085411068891023975533118030721299182099]
eps equivalent to the cubic gain 1/271803: [0.00000537292140567423066448607683269647123774002948, 0.00000537292140567423066448607683269647123774108045]
eps=0.001  D*(eps) in [1.32681552038371077077303358847111113357041298, 1.32681552038371077077303358847111113357071145]   g(eps) in [0.673184479616289229226966411528888866429288553, 0.673184479616289229226966411528888866429587018]   collar min >= [0.826301671399042899959914319179997367143808967, 0.826301671399042899959914319179997367143831926]   (g-g0)/eps in [0.683775936877583492586620725593677835845314715, 0.683775936877583492586620725593677836258574448]   gain/cubic_gain in [185.852350971137826035521273078538416816261206, 185.852350971137826035521273078538416928591446]
eps=0.01   D*(eps) in [1.32074856184348489677954828374751778589586988, 1.32074856184348489677954828374751778589609947]   g(eps) in [0.679251438156515103220451716252482214103900528, 0.679251438156515103220451716252482214104130117]   collar min >= [0.815648230001722367289824999742723834352414355, 0.815648230001722367289824999742723834352448794]   (g-g0)/eps in [0.675073447710345748607192544918702551045729027, 0.675073447710345748607192544918702551080167338]   gain/cubic_gain in [1834.86988308015105508680755286538109481882241, 1834.86988308015105508680755286538109491243878]
eps=0.05   D*(eps) in [1.29556679582353748580918131341749668459812607, 1.29556679582353748580918131341749668459847045]   g(eps) in [0.70443320417646251419081868658250331540152955, 0.704433204176462514190818686582503315401873934]   collar min >= [0.770872698823672701341042056984882587689079312, 0.770872698823672701341042056984882587689102271]   (g-g0)/eps in [0.638650009941017369128777915584162536161726254, 0.638650009941017369128777915584162536170909803]   gain/cubic_gain in [8679.34943259991719906546118947610649081826708, 8679.3494325999171990654611894761064909431516]
eps=0.1    D*(eps) in [1.2677255352685466344765565898510184032270615, 1.26772553526854663447655658985101840322740589]   g(eps) in [0.732274464731453365523443410148981596772594115, 0.732274464731453365523443410148981596772938498]   collar min >= [0.72019089222943078594261823665399364486586759, 0.720190892229430785942618236653993644865890549]   (g-g0)/eps in [0.597737610520417197890636193456864081791508769, 0.597737610520417197890636193456864081796100544]   gain/cubic_gain in [16246.6875752280955638268589290156028023176323, 16246.6875752280955638268589290156028024427049]
eps=0.25   D*(eps) in [1.20278584707663061412400110882016030638229171, 1.20278584707663061412400110882016030638263609]   g(eps) in [0.797214152923369385875998891179839693617363911, 0.797214152923369385875998891179839693617708295]   collar min >= [0.59571533821281374635076999076671140701201733, 0.595715338212813746350769990766711407012040289]   (g-g0)/eps in [0.498853796975830960566476401506178020095682695, 0.498853796975830960566476401506178020097519405]   gain/cubic_gain in [33897.4896448554456437124963396459260990166104, 33897.4896448554456437124963396459260991422472]
eps=0.5    D*(eps) in [1.1343257453233248067840830777428327925364742, 1.13432574532332480678408307774283279253679563]   g(eps) in [0.865674254676675193215916922257167207463204373, 0.865674254676675193215916922257167207463525797]   collar min >= [0.449979646588773124791614575976914560187207159, 0.449979646588773124791614575976914560187218638]   (g-g0)/eps in [0.38634710199452709496307426290774403773952227, 0.386347101994527094963074262907744037740394708]   gain/cubic_gain in [52505.1506817092239961242369405567763448571397, 52505.150681709223996124236940556776344976758]
  second-order coefficient estimate at eps=0.001: [-0.979148533485398437354807524352885235706962567, -0.979148533485398437354807524352885235695747157]
  second-order coefficient estimate at eps=0.0001: [-0.98026031683137660605983387379160026323271, -0.980260316831376606059833873791600263092569033]
  second-order coefficient estimate at eps=1e-05: [-0.98037162986181784030493533061340959810309062, -0.980371629861817840304935330613409597227278452]

== Part B: exact rational piecewise-polynomial certificates ==
(upper bound D(u0) exact; lower bound D(u0) - ||r||^2/m with m = 1-2s^2/pi^2-2eps^2)
eps=0.001  D(u0)=1.326815520383710867  ||r||^2=4.009e-40  m>=0.7969  => D* in [1.326815520383710867, 1.326815520383710867]
          g(eps) in [0.6731844796162892, 0.6731844796162892];  rigorous gain over g(0) >= 6.837759162892e-04  = 185.9 x (1/271803)
          profile: a=6081957536543539/8000000000000000, b'=-7174573143439051/7812500000000000 (A=1, Taylor order 20)
eps=0.01   D(u0)=1.320748561843484881  ||r||^2=3.841e-39  m>=0.7931  => D* in [1.320748561843484881, 1.320748561843484881]
          g(eps) in [0.6792514381565151, 0.6792514381565151];  rigorous gain over g(0) >= 6.750734456515e-03  = 1834.9 x (1/271803)
          profile: a=380127031015287571/500000000000000000, b'=-914935583551316001/1000000000000000000 (A=1, Taylor order 20)
eps=0.05   D(u0)=1.295566795823537509  ||r||^2=8.704e-39  m>=0.7716  => D* in [1.295566795823537509, 1.295566795823537509]
          g(eps) in [0.7044332041764625, 0.7044332041764625];  rigorous gain over g(0) >= 3.193250047646e-02  = 8679.3 x (1/271803)
          profile: a=95059687296950593/125000000000000000, b'=-450000245464598137/500000000000000000 (A=1, Taylor order 20)
eps=0.1    D(u0)=1.267725535268546588  ||r||^2=6.026e-40  m>=0.7348  => D* in [1.267725535268546588, 1.267725535268546588]
          g(eps) in [0.7322744647314534, 0.7322744647314534];  rigorous gain over g(0) >= 5.977376103145e-02  = 16246.7 x (1/271803)
          profile: a=380579179005739567/500000000000000000, b'=-881815194618250421/1000000000000000000 (A=1, Taylor order 20)
eps=0.25   D(u0)=1.202785847076630610  ||r||^2=1.259e-38  m>=0.5584  => D* in [1.202785847076630610, 1.202785847076630610]
          g(eps) in [0.7972141529233694, 0.7972141529233694];  rigorous gain over g(0) >= 1.247134492234e-01  = 33897.5 x (1/271803)
          profile: a=1531302301067281/2000000000000000, b'=-830173495414486229/1000000000000000000 (A=1, Taylor order 20)

== Part C: floating diagnostics (NUMERICAL) ==
eps=0.001  QP D=1.326815604  (closed form [1.32681552038371077077303358847111113357055074, 1.32681552038371077077303358847111113357055074])
eps=0.01   QP D=1.320748652  (closed form [1.32074856184348489677954828374751778589598468, 1.32074856184348489677954828374751778589598468])
eps=0.05   QP D=1.295566900  (closed form [1.29556679582353748580918131341749668459830974, 1.29556679582353748580918131341749668459830974])
eps=0.1    QP D=1.267725660  (closed form [1.26772553526854663447655658985101840322724517, 1.26772553526854663447655658985101840322724517])
eps=0.25   QP D=1.202786164  (closed form [1.20278584707663061412400110882016030638245242, 1.20278584707663061412400110882016030638245242])
gain g_C(eps)-g(0) when only F <= C is known on 1<|alpha|<=1+eps:
  eps=0.01: [(1, 0.0067506), (2, 0.0066962), (5, 0.0065369), (10, 0.0062835), (30, 0.0054012), (100, 0.0034082)]
  eps=0.05: [(1, 0.0319323), (2, 0.0304697), (5, 0.0265736), (10, 0.021387), (30, 0.0101018), (100, 0.0033849)]
  eps=0.1: [(1, 0.0597736), (2, 0.0544362), (5, 0.0416053), (10, 0.0274582), (30, 0.0096099), (100, 0.0028782)]
  eps=0.25: [(1, 0.124713), (2, 0.1006653), (5, 0.0558088), (10, 0.0291293), (30, 0.010497), (100, 0.003801)]
best gain over eps for fixed C (law ~ const/C):
  C=5: eps_opt~0.600  gain~0.05639  gain*C~0.282
  C=10: eps_opt~0.600  gain~0.02958  gain*C~0.296
  C=30: eps_opt~0.600  gain~0.01100  gain*C~0.330
  C=100: eps_opt~0.600  gain~0.00436  gain*C~0.436
exit 0
