[1] support geometry (exact rational tests)
    sum-zero triples: sum|xi| = 2 max|xi| (hexagon = triangle-cycle range < 1): OK
    sum-zero n-tuples: sum|xi| = 2 sum(xi)_+ >= 2 max|xi|; no |xi_i| >= 1 inside sum|xi| < 2: OK
[2] sine-kernel 3-level structure factor on the hexagon
    continuous part 1 - sum(1-|xi_c|) + 2(1-max|xi|) = 0 on the hexagon: OK
    => S3 = delta delta + sum_c delta(xi_c)|xi_a| there; third cumulant vanishes
[3] two shallow off-line pairs vs cubic spectral certificates (interval arithmetic)
    B=   12: trG=4, slack>0, tr p(G)<0, ratio slack/|tr p| <= 1.359227e-01, B*ratio <= 1.631073
    B=   48: trG=4, slack>0, tr p(G)<0, ratio slack/|tr p| <= 2.610846e-02, B*ratio <= 1.253206
    B=  192: trG=4, slack>0, tr p(G)<0, ratio slack/|tr p| <= 6.168061e-03, B*ratio <= 1.184268
    B= 1024: trG=4, slack>0, tr p(G)<0, ratio slack/|tr p| <= 1.139685e-03, B*ratio <= 1.167037
    B= 4096: trG=4, slack>0, tr p(G)<0, ratio slack/|tr p| <= 2.842076e-04, B*ratio <= 1.164115
    predicted limit B*ratio -> pi^2/(6 sqrt 2) = 1.163144
    cosine profile B=  192: ratio <= 5.960712e-03, B*ratio <= 1.144457
    cosine profile B= 4096: ratio <= 2.742737e-04, B*ratio <= 1.123425
    => S >= trG*(..) + c*tr p(G) fails for every c<0 with |c| > ratio; with coalescing simple zeros (c<=0) only c=0 survives
[6] EXACT marked ordered-cubic certificate (repository profile + degree-24 mark)
    profile u>0; mark a=1-b with 0<b<beta=6001/5000 on [-1/2,1/2] (Sturm counts), hence |a|<=1
    exact Grundmann-Moller integration (2.0s); unmarked Q = 0.3989636506914728
    D = 1.3274992970376471  kappa = 0.0117776203966976
    marked defect kappa_a = 0.0202278132161081   marked ordered energy Q_A = 1.6234380071702812
    C <= 9.3993289381;  (kappa_a - 6 d0)^2 - d0 C^2 = 1.6188e-07 > 0 with d0 = 1/216600
    => liminf N0s/N >= 2 - D + 1/216600 = 0.6725053197675 > 0.672505319
    (inherited frontier 2 - D + 1/271803 = 0.6725043820976)
[4] cubic-moment-only adversary (abstract tight block + literal two-pair clusters)
    exact moments (1, D, 3D-2-kappa) attained with S/N = 2 - D + kappa*ratio; at B=4096:
    kappa*ratio <= 3.347290e-06  <  1/271803 = 3.679135e-06 (the inherited ordered-quartic increment)
[5] marked operator algebra (floating-point checks, not proofs)
    marked cubic expansion identity / WBW identity / ||K||=||H||: max residual 1.42e-13
    linear term  -tr(A Dp(H)[X]) <= Delta - d^2 + beta sqrt(2N-S) d : max(lhs-rhs) = 9.66e-16
[7] optional numerics: mark QP sweep and CUE sanity check (NUMERICAL)
    unmarked delta = 3.679144e-06 (1/271802);  best degree-24 mark delta = 4.619226e-06  (x1.2555)
    CUE N=160: marked triple trace 0.97608 +- 0.00424; formula 0.97714
all assertions passed (11s)
