Block zeros #1..#400: heights 14.135..679.742, 399 gaps
  critical points per gap: histogram {1: 399}
  gaps with even sign-change count (grid artefact if any): 0
  gaps where sampled f'/f is not strictly decreasing: 0
  G = 399, W = 0, Rd (interior distinct real zeros) = 398, delta = -1
  Morse identity Rd = G - W + delta : 398 = 398  -> OK
  susceptibility 1/|B_n| in mean spacings: min 0.2655  q1 0.6154  median 0.7815  q3 1.1053  max 7.6843
  fraction of gaps with 1/|B_n| > 0.5 spacing: 0.907; > 1 spacing: 0.306
Block zeros #10000..#10060: heights 9877.783..9929.443, 60 gaps
  critical points per gap: histogram {1: 60}
  gaps with even sign-change count (grid artefact if any): 0
  gaps where sampled f'/f is not strictly decreasing: 0
  G = 60, W = 0, Rd (interior distinct real zeros) = 59, delta = -1
  Morse identity Rd = G - W + delta : 59 = 59  -> OK
  susceptibility 1/|B_n| in mean spacings: min 0.6234  q1 0.9552  median 1.4635  q3 2.9649  max 392.0866
  fraction of gaps with 1/|B_n| > 0.5 spacing: 1.000; > 1 spacing: 0.717
Exact delta* (bisection) vs heuristic 1/|B_n| for gaps j = 10, 40, ..., 370 of block 1 (units: mean spacing):
   j   gap/spacing   delta*/spacing   heur/spacing   ratio exact/heur
    10      1.1972         0.3575         0.4554     0.7852
    40      1.5552         0.4809         0.7505     0.6407
    70      0.3901         0.3679         0.5195     0.7082
   100      1.0337         0.4554         0.7312     0.6228
   130      1.0161         0.6021         1.2224     0.4926
   160      0.9499         0.4202         0.5928     0.7088
   190      0.9902         0.3741         0.5356     0.6984
   220      1.4796         0.4507         0.7195     0.6264
   250      0.7127         0.4798         0.7393     0.6490
   280      1.5120         0.4322         0.6517     0.6633
   310      1.2509         0.5840         1.5239     0.3833
   340      1.4925         0.4668         0.7376     0.6329
   370      0.9208         0.5346         0.9482     0.5638
  exact/heuristic ratio: min 0.383 median 0.641 max 0.785
elapsed 463.9s
exit 0
